<eh:SimpleCcdExchange xmlns:eh="http://schema.intuit.com/health/ccd/v1"
	xmlns:xsi="http://www.w3.org/2001/XMLSchema-instance">
	<CcdMessageHeaders>
		<Sender vendorName="Allscripts" deviceLocalTime="2001-12-31T12:00:00"
			deviceVersion="" deviceName="EEHR">
			<DeviceArguments>
				<KeyValuePair>
					<Key>_IGNORE_</Key>
					<Value>SenderValue</Value>
				</KeyValuePair>
			</DeviceArguments>
		</Sender>
		<Partner vendorName="Allscripts" deviceLocalTime="2001-12-31T12:00:00"
			deviceVersion="" deviceName="EEHR">
			<DeviceArguments>
				<KeyValuePair>
					<Key>PartnerKey</Key>
					<Value>PartnerValue</Value>
				</KeyValuePair>
			</DeviceArguments>
		</Partner>
		<Destination vendorName="Allscripts" deviceLocalTime="2001-12-31T12:00:00"
			deviceVersion="" deviceName="EEHR">
			<DeviceArguments>
				<KeyValuePair>
					<Key>DestinationKey</Key>
					<Value>DestinationValue</Value>
				</KeyValuePair>
			</DeviceArguments>
		</Destination>
		<LastUpdated>2001-12-31T12:00:00</LastUpdated>
		<MessageId>messageId</MessageId>
		<DataJob>
			<DataJobId>0</DataJobId>
		</DataJob>
		<RoutingMap>
			<KeyValuePair>
				<Key>ProviderID</Key>
				<Value xsi:type="xs:string">_IGNORE_</Value>
			</KeyValuePair>
			<KeyValuePair>
				<Key>StaffID</Key>
				<Value xsi:type="xs:string">_IGNORE_</Value>
			</KeyValuePair>
			<KeyValuePair>
				<Key>CDATypeEnum</Key>
				<Value xsi:type="xs:string">C32_CCD</Value>
			</KeyValuePair>
		</RoutingMap>
	</CcdMessageHeaders>
	<PatientDemographics>
		<PatientIdentifier>
			<PracticePatientId>_IGNORE_</PracticePatientId>
			<IntuitPatientId>_IGNORE_</IntuitPatientId>
		</PatientIdentifier>
		<Name>
			<Prefix>Mrs</Prefix>
			<FirstName>Barbara</FirstName>
			<MiddleName>m</MiddleName>
			<LastName>Simpson</LastName>
			<Suffix>x</Suffix>
		</Name>
		<Address>
			<Line1>996 Dalton St</Line1>
			<Line2>Mailstop 1501172</Line2>
			<City>Fargo</City>
			<State>ND</State>
			<Country>USA</Country>
			<ZipCode>94043</ZipCode>
		</Address>
		<Contact>
			<ContactName>
				<Prefix>Mrs</Prefix>
				<FirstName>Barbara</FirstName>
				<MiddleName>m</MiddleName>
				<LastName>Simpson</LastName>
				<Suffix>x</Suffix>
			</ContactName>
			<Email>Barbara.simpson@mailinator.com</Email>
			<Telephone>
				<Type>HOME</Type>
				<Number>650-944-1212</Number>
			</Telephone>
			<Telephone>
				<Type>WORK</Type>
				<Number>650-944-5555</Number>
			</Telephone>
		</Contact>
		<Gender>F</Gender>
		<DateOfBirth>_IGNORE_</DateOfBirth>
	</PatientDemographics>
	<PracticeInformation>
		<PracticeIdentifier>
			<PracticeId>00000000000000099930</PracticeId>
			<IntuitPracticeId>_IGNORE_</IntuitPracticeId>
		</PracticeIdentifier>
		<PracticeName>Medfusion CCD Test</PracticeName>
		<Address>
			<Line1>25 GREEN MOUNTAIN DR</Line1>
			<Line2>address2</Line2>
			<City>BURLINGTON</City>
			<State>VT</State>
			<Country>USA</Country>
			<ZipCode>94620</ZipCode>
		</Address>
		<Contact>
			<ContactName>
				<FirstName>Robert</FirstName>
				<MiddleName>m</MiddleName>
				<LastName>James</LastName>
				<Suffix>x</Suffix>
			</ContactName>
			<Email>Robert_James@mailinator.com</Email>
			<Telephone>
				<Type>HOME</Type>
				<Number>650-944-1515</Number>
			</Telephone>
			<Telephone>
				<Type>WORK</Type>
				<Number>650-944-7777</Number>
			</Telephone>
		</Contact>
		<Provider>
			<Role>Prescribing clinician</Role>
			<ProviderIdentifier>
				<PracticeProviderId>91171</PracticeProviderId>
				<IntuitProviderId>_IGNORE_</IntuitProviderId>
			</ProviderIdentifier>
			<Demographics>
				<Contact>
					<ContactName>
						<FirstName>Robert</FirstName>
						<MiddleName>m</MiddleName>
						<LastName>James</LastName>
						<Suffix>x</Suffix>
					</ContactName>
					<Email>Robert_James@mailinator.com</Email>
					<Telephone>
						<Type>HOME</Type>
						<Number>650-944-1616</Number>
					</Telephone>
					<Telephone>
						<Type>WORK</Type>
						<Number>650-944-9999</Number>
					</Telephone>
				</Contact>
				<Address>
					<Line1>25 GREEN MOUNTAIN DR</Line1>
					<Line2>address2</Line2>
					<City>BURLINGTON</City>
					<State>VT</State>
					<Country>USA</Country>
					<ZipCode>94620</ZipCode>
				</Address>
			</Demographics>
		</Provider>
	</PracticeInformation>
	<SimpleCcdWithAttachments>
	<Source>
		<Channel>
			<ID>EH</ID>
			<DocumentRef>_IGNORE_</DocumentRef>
			<ClinicalDocumentType>C32_CCD</ClinicalDocumentType>
		</Channel>
		<OtherSourceInformation>Janell Carlson at MyWay Practice QA_Test002
		</OtherSourceInformation>
	</Source>
	<Informant>
		<Id>
			<Root>2.16.840.1.113883.4.6</Root>
			<Extension>1114001559</Extension>
		</Id>
		<Name>
			<FirstName>Janell</FirstName>
			<LastName>Carlson</LastName>
		</Name>
		<OrganizationName>MyWay Practice QA_Test002</OrganizationName>
	</Informant>
		<CcdXml>
			<AllergyList>
				<Allergy>
					<Id>
						<Root>4adc1020-7b14-11db-9fe1-0800200c9a66</Root>
					</Id>
					<AdverseEventType>
						<FreetextName>Adverse reaction to substance</FreetextName>
						<Code>282100009</Code>
						<CodeSystem>2.16.840.1.113883.6.96</CodeSystem>
						<DisplayName>Adverse reaction to substance</DisplayName>
					</AdverseEventType>
					<OnsetDate>
						<NullFlavor>UNK</NullFlavor>
					</OnsetDate>
					<Status>
						<Code>55561003</Code>
						<CodeSystem>2.16.840.1.113883.6.96</CodeSystem>
						<DisplayName>Active</DisplayName>
					</Status>
					<ResolutionDate>
						<NullFlavor>UNK</NullFlavor>
					</ResolutionDate>
					<ProductCode>
						<FreetextName>Penicillin</FreetextName>
						<Code>70618</Code>
						<CodeSystem>2.16.840.1.113883.6.88</CodeSystem>
						<DisplayName>Penicillin</DisplayName>
					</ProductCode>
					<Reaction>
						<FreetextName />
						<Code>247472004</Code>
						<CodeSystem>2.16.840.1.113883.6.96</CodeSystem>
						<DisplayName>Hives</DisplayName>
					</Reaction>
					<TreatingProviderName />
				</Allergy>
				<Allergy>
					<Id>
						<Root>c3df3b60-7b18-11db-9fe1-0800200c9a66</Root>
					</Id>
					<AdverseEventType>
						<FreetextName>Adverse reaction to substance</FreetextName>
						<Code>282100009</Code>
						<CodeSystem>2.16.840.1.113883.6.96</CodeSystem>
						<DisplayName>Adverse reaction to substance</DisplayName>
					</AdverseEventType>
					<OnsetDate>
						<NullFlavor>UNK</NullFlavor>
					</OnsetDate>
					<Status>
						<Code>55561003</Code>
						<CodeSystem>2.16.840.1.113883.6.96</CodeSystem>
						<DisplayName>Active</DisplayName>
					</Status>
					<ResolutionDate>
						<NullFlavor>UNK</NullFlavor>
					</ResolutionDate>
					<ProductCode>
						<FreetextName>Codeine</FreetextName>
						<Code>2670</Code>
						<CodeSystem>2.16.840.1.113883.6.88</CodeSystem>
						<DisplayName>Codeine</DisplayName>
					</ProductCode>
					<Reaction>
						<FreetextName />
						<Code>73879007</Code>
						<CodeSystem>2.16.840.1.113883.6.96</CodeSystem>
						<DisplayName>Nausea</DisplayName>
					</Reaction>
					<TreatingProviderName />
				</Allergy>
				<Allergy>
					<Id>
						<Root>eb936011-7b17-11db-9fe1-0800200c9a66</Root>
					</Id>
					<AdverseEventType>
						<FreetextName>Adverse reaction to substance</FreetextName>
						<Code>282100009</Code>
						<CodeSystem>2.16.840.1.113883.6.96</CodeSystem>
						<DisplayName>Adverse reaction to substance</DisplayName>
					</AdverseEventType>
					<OnsetDate>
						<NullFlavor>UNK</NullFlavor>
					</OnsetDate>
					<Status>
						<Code>55561003</Code>
						<CodeSystem>2.16.840.1.113883.6.96</CodeSystem>
						<DisplayName>Active</DisplayName>
					</Status>
					<ResolutionDate>
						<NullFlavor>UNK</NullFlavor>
					</ResolutionDate>
					<ProductCode>
						<FreetextName>Aspirin</FreetextName>
						<Code>1191</Code>
						<CodeSystem>2.16.840.1.113883.6.88</CodeSystem>
						<DisplayName>Aspirin</DisplayName>
					</ProductCode>
					<Reaction>
						<FreetextName />
						<Code>56018004</Code>
						<CodeSystem>2.16.840.1.113883.6.96</CodeSystem>
						<DisplayName>Wheezing</DisplayName>
					</Reaction>
					<TreatingProviderName />
				</Allergy>
			</AllergyList>
			<MedicationList>
				<Medication>
					<Id>
						<Root>cdbd5b03-6cde-11db-9fe1-0800200c9a66</Root>
					</Id>
					<DrugProduct>
						<DrugCode>
							<FreetextName>Prednisone</FreetextName>
							<Code>312615</Code>
							<CodeSystem>2.16.840.1.113883.6.88</CodeSystem>
							<DisplayName>Prednisone 20 MG oral tablet</DisplayName>
							<OriginalText>Prednisone</OriginalText>
						</DrugCode>
						<DoseForm>
							<Route>
								<Code>PO</Code>
								<CodeSystem>2.16.840.1.113883.5.112</CodeSystem>
								<CodeSystemName>RouteOfAdministration</CodeSystemName>
							</Route>
						</DoseForm>
					</DrugProduct>
					<Prescription>
						<Dosage>
							<Value>1</Value>
							<Unit>1</Unit>
							<FreetextQuantity>1</FreetextQuantity>
						</Dosage>
						<Frequency>
							<Value>24</Value>
							<Unit>h</Unit>
							<FreetextQuantity>24 h</FreetextQuantity>
						</Frequency>
					</Prescription>
				</Medication>
				<Medication>
					<Id>
						<Root>cdbd33f0-6cde-11db-9fe1-0800200c9a66</Root>
					</Id>
					<DrugProduct>
						<DrugCode>
							<FreetextName>Albuterol inhalant</FreetextName>
							<Code>307782</Code>
							<CodeSystem>2.16.840.1.113883.6.88</CodeSystem>
							<DisplayName>Albuterol 0.09 MG/ACTUAT inhalant solution
							</DisplayName>
							<OriginalText>Albuterol inhalant</OriginalText>
						</DrugCode>
						<DoseForm>
							<Route>
								<Code>IPINHL</Code>
								<CodeSystem>2.16.840.1.113883.5.112</CodeSystem>
								<CodeSystemName>RouteOfAdministration</CodeSystemName>
								<DisplayName>Inhalation, oral,updated</DisplayName>
							</Route>
						</DoseForm>
					</DrugProduct>
					<Prescription>
						<Dosage>
							<Value>2</Value>
							<Unit>1</Unit>
							<FreetextQuantity>2</FreetextQuantity>
						</Dosage>
						<Frequency>
							<Value>6</Value>
							<Unit>h</Unit>
							<FreetextQuantity>6 h</FreetextQuantity>
						</Frequency>
					</Prescription>
				</Medication>
				<Medication>
					<Id>
						<Root>cdbd5b01-6cde-11db-9fe1-0800200c9a66</Root>
					</Id>
					<DrugProduct>
						<DrugCode>
							<FreetextName>Metoprolol</FreetextName>
							<Code>430618</Code>
							<CodeSystem>2.16.840.1.113883.6.88</CodeSystem>
							<DisplayName>Metoprolol 25 MG oral tablet</DisplayName>
							<OriginalText>Metoprolol</OriginalText>
						</DrugCode>
						<DoseForm>
							<Route>
								<Code>PO</Code>
								<CodeSystem>2.16.840.1.113883.5.112</CodeSystem>
								<CodeSystemName>RouteOfAdministration</CodeSystemName>
							</Route>
						</DoseForm>
					</DrugProduct>
					<Prescription>
						<Dosage>
							<Value>1</Value>
							<Unit>1</Unit>
							<FreetextQuantity>1</FreetextQuantity>
						</Dosage>
						<Frequency>
							<Value>12</Value>
							<Unit>h</Unit>
							<FreetextQuantity>12 h</FreetextQuantity>
						</Frequency>
					</Prescription>
				</Medication>
				<Medication>
					<Id>
						<Root>cdbd5b05-6cde-11db-9fe1-0800200c9a66</Root>
					</Id>
					<DrugProduct>
						<DrugCode>
							<FreetextName>Clopidogrel</FreetextName>
							<Code>309362</Code>
							<CodeSystem>2.16.840.1.113883.6.88</CodeSystem>
							<DisplayName>Clopidogrel 75 MG oral tablet</DisplayName>
							<OriginalText>Clopidogrel</OriginalText>
						</DrugCode>
						<DoseForm>
							<Route>
								<Code>PO</Code>
								<CodeSystem>2.16.840.1.113883.5.112</CodeSystem>
								<CodeSystemName>RouteOfAdministration</CodeSystemName>
							</Route>
						</DoseForm>
					</DrugProduct>
					<Prescription>
						<Dosage>
							<Value>1</Value>
							<Unit>1</Unit>
							<FreetextQuantity>1</FreetextQuantity>
						</Dosage>
						<Frequency>
							<Value>24</Value>
							<Unit>h</Unit>
							<FreetextQuantity>24 h</FreetextQuantity>
						</Frequency>
					</Prescription>
				</Medication>
				<Medication>
					<Id>
						<Root>cdbd5b07-6cde-11db-9fe1-0800200c9a66</Root>
					</Id>
					<DrugProduct>
						<DrugCode>
							<FreetextName>Cephalexin</FreetextName>
							<Code>197454</Code>
							<CodeSystem>2.16.840.1.113883.6.88</CodeSystem>
							<DisplayName>Cephalexin 500 MG oral tablet</DisplayName>
							<OriginalText>Cephalexin</OriginalText>
						</DrugCode>
						<DoseForm>
							<Route>
								<Code>PO</Code>
								<CodeSystem>2.16.840.1.113883.5.112</CodeSystem>
								<CodeSystemName>RouteOfAdministration</CodeSystemName>
							</Route>
						</DoseForm>
					</DrugProduct>
					<Prescription>
						<Dosage>
							<Value>1</Value>
							<Unit>1</Unit>
							<FreetextQuantity>1</FreetextQuantity>
						</Dosage>
						<Frequency>
							<Value>6</Value>
							<Unit>h</Unit>
							<FreetextQuantity>6 h</FreetextQuantity>
						</Frequency>
					</Prescription>
				</Medication>
			</MedicationList>
			<ImmunizationList>
				<Immunization>
					<Id>
						<Root>115f0f70-1343-4938-b62f-631de9749a0a</Root>
					</Id>
					<ImmunizationCode>
						<FreetextName>Influenza virus vaccine</FreetextName>
						<Code>88</Code>
						<CodeSystem>2.16.840.1.113883.6.59</CodeSystem>
						<DisplayName>Influenza virus vaccine</DisplayName>
						<OriginalText>Influenza virus vaccine</OriginalText>
					</ImmunizationCode>
					<AdministeredDate>
						<Value>199812</Value>
					</AdministeredDate>
				</Immunization>
				<Immunization>
					<Id>
						<Root>261e94a0-95fb-4975-b5a5-c8e12c01c1bc</Root>
					</Id>
					<ImmunizationCode>
						<FreetextName>Tetanus and diphtheria toxoids</FreetextName>
						<Code>09</Code>
						<CodeSystem>2.16.840.1.113883.6.59</CodeSystem>
						<DisplayName>Tetanus and diphtheria toxoids</DisplayName>
						<OriginalText>Tetanus and diphtheria toxoids</OriginalText>
					</ImmunizationCode>
					<AdministeredDate>
						<Value>1997</Value>
					</AdministeredDate>
				</Immunization>
				<Immunization>
					<Id>
						<Root>78598407-9f16-42d5-8ffd-09281a60fe33</Root>
					</Id>
					<ImmunizationCode>
						<FreetextName>Pneumococcal polysaccharide vaccine</FreetextName>
						<Code>33</Code>
						<CodeSystem>2.16.840.1.113883.6.59</CodeSystem>
						<DisplayName>Pneumococcal polysaccharide vaccine</DisplayName>
						<OriginalText>Pneumococcal polysaccharide vaccine</OriginalText>
					</ImmunizationCode>
					<AdministeredDate>
						<Value>199812</Value>
					</AdministeredDate>
				</Immunization>
				<Immunization>
					<Id>
						<Root>e6f1ba43-c0ed-4b9b-9f12-f435d8ad8f92</Root>
					</Id>
					<ImmunizationCode>
						<FreetextName>Influenza virus vaccine</FreetextName>
						<Code>88</Code>
						<CodeSystem>2.16.840.1.113883.6.59</CodeSystem>
						<DisplayName>Influenza virus vaccine</DisplayName>
						<OriginalText>Influenza virus vaccine</OriginalText>
					</ImmunizationCode>
					<AdministeredDate>
						<Value>199911</Value>
					</AdministeredDate>
				</Immunization>
			</ImmunizationList>
			<ProblemList>
				<Problem>
					<Id>
						<Root>5a2c903c-bd77-4bd1-ad9d-452383fbfefa</Root>
					</Id>
					<ProblemCode>
						<FreetextName>Myocardial infarction</FreetextName>
						<Code>22298006</Code>
						<CodeSystem>2.16.840.1.113883.6.96</CodeSystem>
						<DisplayName>Myocardial infarction</DisplayName>
					</ProblemCode>
					<ProblemType>
						<Code>ASSERTION</Code>
						<CodeSystem>2.16.840.1.113883.5.4</CodeSystem>
					</ProblemType>
					<OnsetDate>
						<Value>199701</Value>
					</OnsetDate>
					<Status>
						<Code>413322009</Code>
						<CodeSystem>2.16.840.1.113883.6.96</CodeSystem>
						<DisplayName>Resolved</DisplayName>
					</Status>
					<ResolutionDate>
						<NullFlavor>UNK</NullFlavor>
					</ResolutionDate>
					<TreatingProviderName />
				</Problem>
				<Problem>
					<Id>
						<Root>ab1791b0-5c71-11db-b0de-0800200c9a66</Root>
					</Id>
					<ProblemCode>
						<FreetextName>Pneumonia</FreetextName>
						<Code>233604007</Code>
						<CodeSystem>2.16.840.1.113883.6.96</CodeSystem>
						<DisplayName>Pneumonia</DisplayName>
					</ProblemCode>
					<ProblemType>
						<Code>ASSERTION</Code>
						<CodeSystem>2.16.840.1.113883.5.4</CodeSystem>
					</ProblemType>
					<OnsetDate>
						<Value>199701</Value>
					</OnsetDate>
					<Status>
						<Code>413322009</Code>
						<CodeSystem>2.16.840.1.113883.6.96</CodeSystem>
						<DisplayName>Resolved</DisplayName>
					</Status>
					<ResolutionDate>
						<NullFlavor>UNK</NullFlavor>
					</ResolutionDate>
					<TreatingProviderName />
				</Problem>
				<Problem>
					<Id>
						<Root>d11275e7-67ae-11db-bd13-0800200c9a66</Root>
					</Id>
					<ProblemCode>
						<FreetextName>Asthma</FreetextName>
						<Code>195967001</Code>
						<CodeSystem>2.16.840.1.113883.6.96</CodeSystem>
						<DisplayName>Asthma</DisplayName>
					</ProblemCode>
					<ProblemType>
						<Code>ASSERTION</Code>
						<CodeSystem>2.16.840.1.113883.5.4</CodeSystem>
					</ProblemType>
					<OnsetDate>
						<Value>1950</Value>
					</OnsetDate>
					<Status>
						<Code>55561003</Code>
						<CodeSystem>2.16.840.1.113883.6.96</CodeSystem>
						<DisplayName>Active</DisplayName>
					</Status>
					<ResolutionDate>
						<NullFlavor>UNK</NullFlavor>
					</ResolutionDate>
					<TreatingProviderName />
				</Problem>
				<Problem>
					<Id>
						<Root>9d3d416d-45ab-4da1-912f-4583e0632000</Root>
					</Id>
					<ProblemCode>
						<FreetextName>Pneumonia</FreetextName>
						<Code>233604007</Code>
						<CodeSystem>2.16.840.1.113883.6.96</CodeSystem>
						<DisplayName>Pneumonia</DisplayName>
					</ProblemCode>
					<ProblemType>
						<Code>ASSERTION</Code>
						<CodeSystem>2.16.840.1.113883.5.4</CodeSystem>
					</ProblemType>
					<OnsetDate>
						<Value>199903</Value>
					</OnsetDate>
					<Status>
						<Code>413322009</Code>
						<CodeSystem>2.16.840.1.113883.6.96</CodeSystem>
						<DisplayName>Resolved</DisplayName>
					</Status>
					<ResolutionDate>
						<NullFlavor>UNK</NullFlavor>
					</ResolutionDate>
					<TreatingProviderName />
				</Problem>
			</ProblemList>
			<TestResultList>
				<TestResult xsi:type="eh:TestResultOrganizerType">
					<Id>
						<Root>7d5a02b0-67a4-11db-bd13-0800200c9a66</Root>
					</Id>
					<TestCode>
						<FreetextName>CBC WO DIFFERENTIAL</FreetextName>
						<Code>43789009</Code>
						<CodeSystem>2.16.840.1.113883.6.96</CodeSystem>
						<DisplayName>CBC WO DIFFERENTIAL</DisplayName>
					</TestCode>
					<TestDate>
						<Value>200003231430</Value>
					</TestDate>
					<TestResult>
						<Id>
							<Root>107c2dc0-67a5-11db-bd13-0800200c9a66</Root>
						</Id>
						<TestCode>
							<FreetextName>HGB</FreetextName>
							<Code>30313-1</Code>
							<CodeSystem>2.16.840.1.113883.6.1</CodeSystem>
							<DisplayName>HGB</DisplayName>
						</TestCode>
						<TestDate>
							<Value>200003231430</Value>
						</TestDate>
						<Result>
							<Value>13.2</Value>
							<Unit>g/dl</Unit>
							<FreetextQuantity>13.2 g/dl</FreetextQuantity>
						</Result>
						<ResultInterpretation>
							<Code>N</Code>
							<CodeSystem>2.16.840.1.113883.5.83</CodeSystem>
						</ResultInterpretation>
					</TestResult>
					<TestResult>
						<Id>
							<Root>80a6c740-67a5-11db-bd13-0800200c9a66</Root>
						</Id>
						<TestCode>
							<FreetextName>PLT</FreetextName>
							<Code>26515-7</Code>
							<CodeSystem>2.16.840.1.113883.6.1</CodeSystem>
							<DisplayName>PLT</DisplayName>
						</TestCode>
						<TestDate>
							<Value>200003231430</Value>
						</TestDate>
						<Result>
							<Value>123</Value>
							<Unit>10+3/ul</Unit>
							<FreetextQuantity>123 10+3/ul</FreetextQuantity>
						</Result>
						<ResultInterpretation>
							<Code>L</Code>
							<CodeSystem>2.16.840.1.113883.5.83</CodeSystem>
						</ResultInterpretation>
					</TestResult>
					<TestResult>
						<Id>
							<Root>8b3fa370-67a5-11db-bd13-0800200c9a66</Root>
						</Id>
						<TestCode>
							<FreetextName>WBC</FreetextName>
							<Code>33765-9</Code>
							<CodeSystem>2.16.840.1.113883.6.1</CodeSystem>
							<DisplayName>WBC</DisplayName>
						</TestCode>
						<TestDate>
							<Value>200003231430</Value>
						</TestDate>
						<Result>
							<Value>6.7</Value>
							<Unit>10+3/ul</Unit>
							<FreetextQuantity>6.7 10+3/ul</FreetextQuantity>
						</Result>
						<ResultInterpretation>
							<Code>N</Code>
							<CodeSystem>2.16.840.1.113883.5.83</CodeSystem>
						</ResultInterpretation>
					</TestResult>
				</TestResult>
			</TestResultList>
			<ProcedureList>
				<Procedure>
					<Id>
						<Root>e401f340-7be2-11db-9fe1-0800200c9a66</Root>
					</Id>
					<ProcedureCode>
						<FreetextName>Total hip replacement, left</FreetextName>
						<Code>52734007</Code>
						<CodeSystem>2.16.840.1.113883.6.96</CodeSystem>
						<DisplayName>Total hip replacement</DisplayName>
						<OriginalText>Total hip replacement, left</OriginalText>
						<Qualifier>
							<Name>
								<Code>272741003</Code>
								<DisplayName>Laterality</DisplayName>
							</Name>
							<Value>
								<Code>7771000</Code>
								<DisplayName>Left</DisplayName>
							</Value>
						</Qualifier>
					</ProcedureCode>
					<ProcedureDate>
						<Value>1998</Value>
					</ProcedureDate>
				</Procedure>
			</ProcedureList>
			<VitalSignList>
				<VitalSigns>
					<Id>
						<Root>1.3.6.1.4.1.22812.4.4364.0.4.6</Root>
						<Extension>166</Extension>
					</Id>
					<TestCode>
						<FreetextName>Vital signs</FreetextName>
						<Code>46680005</Code>
						<CodeSystem>2.16.840.1.113883.6.96</CodeSystem>
						<CodeSystemName>SNOMED CT</CodeSystemName>
						<DisplayName>Vital signs</DisplayName>
					</TestCode>
					<TestDate>
						<Value>20110715135536-0400</Value>
					</TestDate>
					<VitalSign action="Update">
						<Id>
							<Root>1.3.6.1.4.1.22812.4.4364.0.4.6</Root>
							<Extension>166Temperature</Extension>
						</Id>
						<TestCode>
							<FreetextName>Temperature</FreetextName>
							<Code>8310-5</Code>
							<CodeSystem>2.16.840.1.113883.6.1</CodeSystem>
							<CodeSystemName>LOINC</CodeSystemName>
							<DisplayName>Temperature</DisplayName>
						</TestCode>
						<TestDate>
							<Value>20110715135536-0400</Value>
						</TestDate>
						<Result>
							<Value>98.6</Value>
							<Unit>[degF]</Unit>
							<FreetextQuantity>98.6 [degF]</FreetextQuantity>
						</Result>
					</VitalSign>
					<VitalSign action="Update">
						<Id>
							<Root>1.3.6.1.4.1.22812.4.4364.0.4.6</Root>
							<Extension>166BPSystolic</Extension>
						</Id>
						<TestCode>
							<FreetextName>BP Systolic</FreetextName>
							<Code>8480-6</Code>
							<CodeSystem>2.16.840.1.113883.6.1</CodeSystem>
							<CodeSystemName>LOINC</CodeSystemName>
							<DisplayName>BP Systolic</DisplayName>
						</TestCode>
						<TestDate>
							<Value>20110715135536-0400</Value>
						</TestDate>
						<Result>
							<Value>110</Value>
							<Unit>mm[Hg]</Unit>
							<FreetextQuantity>110 mm[Hg]</FreetextQuantity>
						</Result>
					</VitalSign>
					<VitalSign action="Update">
						<Id>
							<Root>1.3.6.1.4.1.22812.4.4364.0.4.6</Root>
							<Extension>166BPDiastolic</Extension>
						</Id>
						<TestCode>
							<FreetextName>BP Diastolic</FreetextName>
							<Code>8462-4</Code>
							<CodeSystem>2.16.840.1.113883.6.1</CodeSystem>
							<CodeSystemName>LOINC</CodeSystemName>
							<DisplayName>BP Diastolic</DisplayName>
						</TestCode>
						<TestDate>
							<Value>20110715135536-0400</Value>
						</TestDate>
						<Result>
							<Value>65</Value>
							<Unit>mm[Hg]</Unit>
							<FreetextQuantity>65 mm[Hg]</FreetextQuantity>
						</Result>
					</VitalSign>
					<VitalSign action="Update">
						<Id>
							<Root>1.3.6.1.4.1.22812.4.4364.0.4.6</Root>
							<Extension>166Weight</Extension>
						</Id>
						<TestCode>
							<FreetextName>Weight</FreetextName>
							<Code>3141-9</Code>
							<CodeSystem>2.16.840.1.113883.6.1</CodeSystem>
							<CodeSystemName>LOINC</CodeSystemName>
							<DisplayName>Weight</DisplayName>
						</TestCode>
						<TestDate>
							<Value>20110715135536-0400</Value>
						</TestDate>
						<Result>
							<Value>120.0000</Value>
							<Unit>[lb_av]</Unit>
							<FreetextQuantity>120.0000 [lb_av]</FreetextQuantity>
						</Result>
					</VitalSign>
					<VitalSign action="Update">
						<Id>
							<Root>1.3.6.1.4.1.22812.4.4364.0.4.6</Root>
							<Extension>166Height</Extension>
						</Id>
						<TestCode>
							<FreetextName>Height</FreetextName>
							<Code>8302-2</Code>
							<CodeSystem>2.16.840.1.113883.6.1</CodeSystem>
							<CodeSystemName>LOINC</CodeSystemName>
							<DisplayName>Height</DisplayName>
						</TestCode>
						<TestDate>
							<Value>20110715135536-0400</Value>
						</TestDate>
						<Result>
							<Value>65.00</Value>
							<Unit>[in_us]</Unit>
							<FreetextQuantity>65.00 [in_us]</FreetextQuantity>
						</Result>
					</VitalSign>
				</VitalSigns>
				<VitalSigns>
					<Id>
						<Root>1.3.6.1.4.1.22812.4.4364.0.4.6</Root>
						<Extension>168</Extension>
					</Id>
					<TestCode>
						<FreetextName>Vital signs</FreetextName>
						<Code>46680005</Code>
						<CodeSystem>2.16.840.1.113883.6.96</CodeSystem>
						<CodeSystemName>SNOMED CT</CodeSystemName>
						<DisplayName>Vital signs</DisplayName>
					</TestCode>
					<TestDate>
						<Value>20111107131137-0500</Value>
					</TestDate>
					<VitalSign action="Update">
						<Id>
							<Root>1.3.6.1.4.1.22812.4.4364.0.4.6</Root>
							<Extension>168Temperature</Extension>
						</Id>
						<TestCode>
							<FreetextName>Temperature</FreetextName>
							<Code>8310-5</Code>
							<CodeSystem>2.16.840.1.113883.6.1</CodeSystem>
							<CodeSystemName>LOINC</CodeSystemName>
							<DisplayName>Temperature</DisplayName>
						</TestCode>
						<TestDate>
							<Value>20111107131137-0500</Value>
						</TestDate>
						<Result>
							<Value>99.8</Value>
							<Unit>[degF]</Unit>
							<FreetextQuantity>99.8 [degF]</FreetextQuantity>
						</Result>
					</VitalSign>
					<VitalSign action="Update">
						<Id>
							<Root>1.3.6.1.4.1.22812.4.4364.0.4.6</Root>
							<Extension>168BPSystolic</Extension>
						</Id>
						<TestCode>
							<FreetextName>BP Systolic</FreetextName>
							<Code>8480-6</Code>
							<CodeSystem>2.16.840.1.113883.6.1</CodeSystem>
							<CodeSystemName>LOINC</CodeSystemName>
							<DisplayName>BP Systolic</DisplayName>
						</TestCode>
						<TestDate>
							<Value>20111107131137-0500</Value>
						</TestDate>
						<Result>
							<Value>120</Value>
							<Unit>mm[Hg]</Unit>
							<FreetextQuantity>120 mm[Hg]</FreetextQuantity>
						</Result>
					</VitalSign>
					<VitalSign action="Update">
						<Id>
							<Root>1.3.6.1.4.1.22812.4.4364.0.4.6</Root>
							<Extension>168BPDiastolic</Extension>
						</Id>
						<TestCode>
							<FreetextName>BP Diastolic</FreetextName>
							<Code>8462-4</Code>
							<CodeSystem>2.16.840.1.113883.6.1</CodeSystem>
							<CodeSystemName>LOINC</CodeSystemName>
							<DisplayName>BP Diastolic</DisplayName>
						</TestCode>
						<TestDate>
							<Value>20111107131137-0500</Value>
						</TestDate>
						<Result>
							<Value>80</Value>
							<Unit>mm[Hg]</Unit>
							<FreetextQuantity>80 mm[Hg]</FreetextQuantity>
						</Result>
					</VitalSign>
					<VitalSign action="Update">
						<Id>
							<Root>1.3.6.1.4.1.22812.4.4364.0.4.6</Root>
							<Extension>168Weight</Extension>
						</Id>
						<TestCode>
							<FreetextName>Weight</FreetextName>
							<Code>3141-9</Code>
							<CodeSystem>2.16.840.1.113883.6.1</CodeSystem>
							<CodeSystemName>LOINC</CodeSystemName>
							<DisplayName>Weight</DisplayName>
						</TestCode>
						<TestDate>
							<Value>20111107131137-0500</Value>
						</TestDate>
						<Result>
							<Value>125.0000</Value>
							<Unit>[lb_av]</Unit>
							<FreetextQuantity>125.0000 [lb_av]</FreetextQuantity>
						</Result>
					</VitalSign>
					<VitalSign action="Update">
						<Id>
							<Root>1.3.6.1.4.1.22812.4.4364.0.4.6</Root>
							<Extension>168Height</Extension>
						</Id>
						<TestCode>
							<FreetextName>Height</FreetextName>
							<Code>8302-2</Code>
							<CodeSystem>2.16.840.1.113883.6.1</CodeSystem>
							<CodeSystemName>LOINC</CodeSystemName>
							<DisplayName>Height</DisplayName>
						</TestCode>
						<TestDate>
							<Value>20111107131137-0500</Value>
						</TestDate>
						<Result>
							<Value>65.00</Value>
							<Unit>[in_us]</Unit>
							<FreetextQuantity>65.00 [in_us]</FreetextQuantity>
						</Result>
					</VitalSign>
				</VitalSigns>
			</VitalSignList>
<SocialHistoryList>
				<Observation>
					<Id>
						<Root>1.3.6.1.4.1.22812.5.1038505801.0.4.1</Root>
						<Extension>1697597481</Extension>
					</Id>
					<ObservationCode>
						<Code>55607006</Code>
						<CodeSystem>2.16.840.1.113883.6.96</CodeSystem>
						<CodeSystemName>SNOMED CT</CodeSystemName>
					</ObservationCode>
					<ObservationDate>
						<NullFlavor>UNK</NullFlavor>
					</ObservationDate>
					<ObservationStartDate>
						<NullFlavor>UNK</NullFlavor>
					</ObservationStartDate>
					<ObservationEndDate>
						<NullFlavor>UNK</NullFlavor>
					</ObservationEndDate>
					<Value xsi:type="eh:ConceptDescriptor">
						<NullFlavor>UNK</NullFlavor>
						<FreetextName>Number of children in household - 2</FreetextName>
						<OriginalText>Number of children in household - 2</OriginalText>
						<Translation>
							<Code>233305043</Code>
							<CodeSystem>1.3.6.1.4.1.22812.4.9.1</CodeSystem>
							<CodeSystemName>History Item</CodeSystemName>
							<DisplayName>Number of children in household - 2</DisplayName>
						</Translation>
					</Value>
				</Observation>
				<Observation>
					<Id>
						<Root>1.3.6.1.4.1.22812.5.1038505801.0.4.1</Root>
						<Extension>367979675</Extension>
					</Id>
					<ObservationCode>
						<Code>55607006</Code>
						<CodeSystem>2.16.840.1.113883.6.96</CodeSystem>
						<CodeSystemName>SNOMED CT</CodeSystemName>
					</ObservationCode>
					<ObservationDate>
						<NullFlavor>UNK</NullFlavor>
					</ObservationDate>
					<ObservationStartDate>
						<NullFlavor>UNK</NullFlavor>
					</ObservationStartDate>
					<ObservationEndDate>
						<NullFlavor>UNK</NullFlavor>
					</ObservationEndDate>
					<Value xsi:type="eh:ConceptDescriptor">
						<NullFlavor>UNK</NullFlavor>
						<FreetextName>Tobacco history - Has never smoked or chewed tobacco
						</FreetextName>
						<OriginalText>Tobacco history - Has never smoked or chewed tobacco
						</OriginalText>
						<Translation>
							<Code>233305055</Code>
							<CodeSystem>1.3.6.1.4.1.22812.4.9.1</CodeSystem>
							<CodeSystemName>History Item</CodeSystemName>
							<DisplayName>Tobacco history - Has never smoked or chewed tobacco
							</DisplayName>
						</Translation>
					</Value>
				</Observation>
				<Observation>
					<Id>
						<Root>1.3.6.1.4.1.22812.5.1038505801.0.4.1</Root>
						<Extension>456212876</Extension>
					</Id>
					<ObservationCode>
						<Code>55607006</Code>
						<CodeSystem>2.16.840.1.113883.6.96</CodeSystem>
						<CodeSystemName>SNOMED CT</CodeSystemName>
					</ObservationCode>
					<ObservationDate>
						<NullFlavor>UNK</NullFlavor>
					</ObservationDate>
					<ObservationStartDate>
						<NullFlavor>UNK</NullFlavor>
					</ObservationStartDate>
					<ObservationEndDate>
						<NullFlavor>UNK</NullFlavor>
					</ObservationEndDate>
					<Value xsi:type="eh:ConceptDescriptor">
						<NullFlavor>UNK</NullFlavor>
						<FreetextName>Has the patient ever used illegal drugs? - Has never
							used illegal drugs</FreetextName>
						<OriginalText>Has the patient ever used illegal drugs? - Has never
							used illegal drugs</OriginalText>
						<Translation>
							<Code>250082638</Code>
							<CodeSystem>1.3.6.1.4.1.22812.4.9.1</CodeSystem>
							<CodeSystemName>History Item</CodeSystemName>
							<DisplayName>Has the patient ever used illegal drugs? - Has never
								used illegal drugs</DisplayName>
						</Translation>
					</Value>
				</Observation>
				<Observation>
					<Id>
						<Root>1.3.6.1.4.1.22812.5.1038505801.0.4.1</Root>
						<Extension>1833117104</Extension>
					</Id>
					<ObservationCode>
						<Code>55607006</Code>
						<CodeSystem>2.16.840.1.113883.6.96</CodeSystem>
						<CodeSystemName>SNOMED CT</CodeSystemName>
					</ObservationCode>
					<ObservationDate>
						<NullFlavor>UNK</NullFlavor>
					</ObservationDate>
					<ObservationStartDate>
						<NullFlavor>UNK</NullFlavor>
					</ObservationStartDate>
					<ObservationEndDate>
						<NullFlavor>UNK</NullFlavor>
					</ObservationEndDate>
					<Value xsi:type="eh:ConceptDescriptor">
						<NullFlavor>UNK</NullFlavor>
						<FreetextName>Alcohol history - Never drinks alcohol
						</FreetextName>
						<OriginalText>Alcohol history - Never drinks alcohol
						</OriginalText>
						<Translation>
							<Code>250082633</Code>
							<CodeSystem>1.3.6.1.4.1.22812.4.9.1</CodeSystem>
							<CodeSystemName>History Item</CodeSystemName>
							<DisplayName>Alcohol history - Never drinks alcohol</DisplayName>
						</Translation>
					</Value>
				</Observation>
				<Observation>
					<Id>
						<Root>1.3.6.1.4.1.22812.5.1038505801.0.4.1</Root>
						<Extension>1455051092</Extension>
					</Id>
					<ObservationCode>
						<Code>55607006</Code>
						<CodeSystem>2.16.840.1.113883.6.96</CodeSystem>
						<CodeSystemName>SNOMED CT</CodeSystemName>
					</ObservationCode>
					<ObservationDate>
						<NullFlavor>UNK</NullFlavor>
					</ObservationDate>
					<ObservationStartDate>
						<NullFlavor>UNK</NullFlavor>
					</ObservationStartDate>
					<ObservationEndDate>
						<NullFlavor>UNK</NullFlavor>
					</ObservationEndDate>
					<Value xsi:type="eh:ConceptDescriptor">
						<NullFlavor>UNK</NullFlavor>
						<FreetextName>Number of adults in household - 2</FreetextName>
						<OriginalText>Number of adults in household - 2</OriginalText>
						<Translation>
							<Code>233305044</Code>
							<CodeSystem>1.3.6.1.4.1.22812.4.9.1</CodeSystem>
							<CodeSystemName>History Item</CodeSystemName>
							<DisplayName>Number of adults in household - 2</DisplayName>
						</Translation>
					</Value>
				</Observation>
			</SocialHistoryList>
		</CcdXml>
	</SimpleCcdWithAttachments>
</eh:SimpleCcdExchange>