<?xml version="1.0" encoding="UTF-8" standalone="yes"?>
<CCDMessageType minorVer="0" majorVer="1"
	xmlns="http://www.intuit.com/qhg/hub/schemas/Messages">
	<Header>
		<Type>CCDImport</Type>
		<Event>Update</Event>
		<Source>Electronic Health Data Channel</Source>
		<Internal>
			<MajorVer>1</MajorVer>
			<MinorVer>1</MinorVer>
		</Internal>
	</Header>
	<ClinicalExchangeHeader>
		<Sender vendorName="Allscripts" deviceLocalTime="2001-12-31T12:00:00Z"
			deviceVersion="" deviceName="EEHR" />
		<Partner vendorName="Allscripts" deviceLocalTime="2001-12-31T12:00:00Z"
			deviceVersion="" deviceName="EEHR" />
		<Destination vendorName="Allscripts" deviceLocalTime="2001-12-31T12:00:00Z"
			deviceVersion="" deviceName="EEHR" />
		<LastUpdated>2001-12-31T12:00:00Z</LastUpdated>
		<RoutingMap>
			<KeyValuePair>
				<Key>ProviderID</Key>
				<Value>_IGNORE_</Value>
			</KeyValuePair>
			<KeyValuePair>
				<Key>StaffID</Key>
				<Value>_IGNORE_</Value>
			</KeyValuePair>
			<KeyValuePair>
				<Key>CDATypeEnum</Key>
				<Value>C32_CCD</Value>
			</KeyValuePair>
		</RoutingMap>
		<PracticeInformation role="sender">
			<practiceIdentifier>
				<universalPracticeId>_IGNORE_</universalPracticeId>
				<externalPracticeId>00000000000000099930</externalPracticeId>
			</practiceIdentifier>
			<practiceName>Medfusion CCD Test</practiceName>
		</PracticeInformation>
	</ClinicalExchangeHeader>
	<CCDDocument>
		<patientDemographics>
			<PatientIdentifier>
				<universalPatientNumber>_IGNORE_</universalPatientNumber>
				<PatientAccountNumber>28121001</PatientAccountNumber>
			</PatientIdentifier>
		</patientDemographics>
		<Source>
			<Channel>
				<ID>EH</ID>
				<DocumentRef>_IGNORE_</DocumentRef>
				<ClinicalDocumentType>C32_CCD</ClinicalDocumentType>
			</Channel>
			<Informant>
				<Id>
					<Root>2.16.840.1.113883.4.6</Root>
					<Extension>1114001559</Extension>
				</Id>
				<Name>
					<FirstName>Janell</FirstName>
					<LastName>Carlson</LastName>
				</Name>
				<OrganizationName>MyWay Practice QA_Test002</OrganizationName>
			</Informant>
			<OtherSourceInformation>Janell Carlson at MyWay Practice QA_Test002
			</OtherSourceInformation>
		</Source>
		<CCDXML>
			<SimpleCCD>
				<AllergyList />
				<MedicationList />
				<ImmunizationList />
				<ProblemList>
					<Problem>
						<ItemKey>
							<PatientId>
								<Type>PHR</Type>
								<ID>_IGNORE_</ID>
							</PatientId>
							<ItemId>
								<Root>1.3.6.1.4.1.22812.5.1979709879.0.4.5</Root>
								<Extension>765772171</Extension>
							</ItemId>
						</ItemKey>
						<Source>
							<Channel>
								<ID>EH</ID>
								<DocumentRef>_IGNORE_</DocumentRef>
								<ClinicalDocumentType>C32_CCD</ClinicalDocumentType>
							</Channel>
							<Informant>
								<Id>
									<Root>2.16.840.1.113883.4.6</Root>
									<Extension>1114001559</Extension>
								</Id>
								<Name>
									<FirstName>Janell</FirstName>
									<LastName>Carlson</LastName>
								</Name>
								<OrganizationName>MyWay Practice QA_Test002</OrganizationName>
							</Informant>
							<OtherSourceInformation>Janell Carlson at MyWay Practice
								QA_Test002</OtherSourceInformation>
						</Source>
						<Patient>
							<PatientIdentifier>
								<universalPatientNumber>_IGNORE_</universalPatientNumber>
								<PatientAccountNumber>28121001</PatientAccountNumber>
							</PatientIdentifier>
						</Patient>
						<Id>
							<Root>1.3.6.1.4.1.22812.5.1979709879.0.4.5</Root>
							<Extension>765772171</Extension>
						</Id>
						<ProblemCode>
							<Code>320.9</Code>
							<CodeSystem>2.16.840.1.113883.6.103</CodeSystem>
							<CodeSystemName>ICD-9</CodeSystemName>
							<DisplayName>(320.9) - C - MENINGITIS DUE UNSPEC BACTERIUM
							</DisplayName>
							<OriginalText></OriginalText>
						</ProblemCode>
						<ProblemType>
							<Code>55607006</Code>
							<CodeSystem>2.16.840.1.113883.6.96</CodeSystem>
							<CodeSystemName>SNOMED CT</CodeSystemName>
							<DisplayName></DisplayName>
							<OriginalText></OriginalText>
						</ProblemType>
						<OnsetDate>
							<Value>20100623000000-0400</Value>
						</OnsetDate>
						<AgeAtOnset>0</AgeAtOnset>
						<Status>
							<Code>55561003</Code>
							<CodeSystem>2.16.840.1.113883.6.96</CodeSystem>
							<CodeSystemName>SNOMED CT</CodeSystemName>
							<DisplayName></DisplayName>
							<OriginalText></OriginalText>
						</Status>
						<ResolutionDate>
							<NullFlavor>UNK</NullFlavor>
						</ResolutionDate>
						<TreatingProviderRef />
						<TreatingProviderName>
							<Prefix></Prefix>
							<FirstName></FirstName>
							<MiddleName></MiddleName>
							<LastName></LastName>
							<Suffix></Suffix>
						</TreatingProviderName>
						<TreatmentMethod />
					</Problem>
					<Problem>
						<ItemKey>
							<PatientId>
								<Type>PHR</Type>
								<ID>_IGNORE_</ID>
							</PatientId>
							<ItemId>
								<Root>1.3.6.1.4.1.22812.5.1979709879.0.4.1</Root>
								<Extension>25015913</Extension>
							</ItemId>
						</ItemKey>
						<Source>
							<Channel>
								<ID>EH</ID>
								<DocumentRef>_IGNORE_</DocumentRef>
								<ClinicalDocumentType>C32_CCD</ClinicalDocumentType>
							</Channel>
							<Informant>
								<Id>
									<Root>2.16.840.1.113883.4.6</Root>
									<Extension>1114001559</Extension>
								</Id>
								<Name>
									<FirstName>Janell</FirstName>
									<LastName>Carlson</LastName>
								</Name>
								<OrganizationName>MyWay Practice QA_Test002</OrganizationName>
							</Informant>
							<OtherSourceInformation>Janell Carlson at MyWay Practice
								QA_Test002</OtherSourceInformation>
						</Source>
						<Patient>
							<PatientIdentifier>
								<universalPatientNumber>_IGNORE_</universalPatientNumber>
								<PatientAccountNumber>28121001</PatientAccountNumber>
							</PatientIdentifier>
						</Patient>
						<Id>
							<Root>1.3.6.1.4.1.22812.5.1979709879.0.4.1</Root>
							<Extension>25015913</Extension>
						</Id>
						<ProblemCode>
							<Code>078.2</Code>
							<CodeSystem>2.16.840.1.113883.6.103</CodeSystem>
							<CodeSystemName>ICD-9</CodeSystemName>
							<DisplayName>(078.2) - C - SWEATING FEVER</DisplayName>
							<OriginalText></OriginalText>
						</ProblemCode>
						<ProblemType>
							<Code>55607006</Code>
							<CodeSystem>2.16.840.1.113883.6.96</CodeSystem>
							<CodeSystemName>SNOMED CT</CodeSystemName>
							<DisplayName></DisplayName>
							<OriginalText></OriginalText>
						</ProblemType>
						<OnsetDate>
							<Value>20100623000000-0400</Value>
						</OnsetDate>
						<AgeAtOnset>0</AgeAtOnset>
						<Status>
							<Code>55561003</Code>
							<CodeSystem>2.16.840.1.113883.6.96</CodeSystem>
							<CodeSystemName>SNOMED CT</CodeSystemName>
							<DisplayName></DisplayName>
							<OriginalText></OriginalText>
						</Status>
						<ResolutionDate>
							<NullFlavor>UNK</NullFlavor>
						</ResolutionDate>
						<TreatingProviderRef />
						<TreatingProviderName>
							<Prefix></Prefix>
							<FirstName></FirstName>
							<MiddleName></MiddleName>
							<LastName></LastName>
							<Suffix></Suffix>
						</TreatingProviderName>
						<TreatmentMethod />
					</Problem>
				</ProblemList>
				<TestResultList />
				<ProcedureList />
				<VitalSignList />
				<SocialHistoryList />
			</SimpleCCD>
		</CCDXML>
	</CCDDocument>
</CCDMessageType>